E:\PROYEK\C++\TH06-ANDROID\TH06\PORTS\XBOX360\TH06XBOX360\RELEASE\ANMMANAGER.OBJ
E:\PROYEK\C++\TH06-ANDROID\TH06\PORTS\XBOX360\TH06XBOX360\RELEASE\ASCIIMANAGER.OBJ
E:\PROYEK\C++\TH06-ANDROID\TH06\PORTS\XBOX360\TH06XBOX360\RELEASE\BOMBDATA.OBJ
E:\PROYEK\C++\TH06-ANDROID\TH06\PORTS\XBOX360\TH06XBOX360\RELEASE\BULLETDATA.OBJ
E:\PROYEK\C++\TH06-ANDROID\TH06\PORTS\XBOX360\TH06XBOX360\RELEASE\BULLETMANAGER.OBJ
E:\PROYEK\C++\TH06-ANDROID\TH06\PORTS\XBOX360\TH06XBOX360\RELEASE\CHAIN.OBJ
E:\proyek\c++\th06-android\th06\ports\xbox360\th06xbox360\Release\cl.command.1.tlog
E:\proyek\c++\th06-android\th06\ports\xbox360\th06xbox360\Release\CL.read.1.tlog
E:\proyek\c++\th06-android\th06\ports\xbox360\th06xbox360\Release\CL.write.1.tlog
E:\PROYEK\C++\TH06-ANDROID\TH06\PORTS\XBOX360\TH06XBOX360\RELEASE\ECLMANAGER.OBJ
E:\PROYEK\C++\TH06-ANDROID\TH06\PORTS\XBOX360\TH06XBOX360\RELEASE\EFFECTMANAGER.OBJ
E:\PROYEK\C++\TH06-ANDROID\TH06\PORTS\XBOX360\TH06XBOX360\RELEASE\ENDING.OBJ
E:\PROYEK\C++\TH06-ANDROID\TH06\PORTS\XBOX360\TH06XBOX360\RELEASE\ENEMYECLINSTR.OBJ
E:\PROYEK\C++\TH06-ANDROID\TH06\PORTS\XBOX360\TH06XBOX360\RELEASE\ENEMYMANAGER.OBJ
E:\PROYEK\C++\TH06-ANDROID\TH06\PORTS\XBOX360\TH06XBOX360\RELEASE\GAMEERRORCONTEXT.OBJ
E:\PROYEK\C++\TH06-ANDROID\TH06\PORTS\XBOX360\TH06XBOX360\RELEASE\GAMEMANAGER.OBJ
E:\PROYEK\C++\TH06-ANDROID\TH06\PORTS\XBOX360\TH06XBOX360\RELEASE\GAMEPATHS.OBJ
E:\PROYEK\C++\TH06-ANDROID\TH06\PORTS\XBOX360\TH06XBOX360\RELEASE\GAMEWINDOW.OBJ
E:\PROYEK\C++\TH06-ANDROID\TH06\PORTS\XBOX360\TH06XBOX360\RELEASE\GUI.OBJ
E:\PROYEK\C++\TH06-ANDROID\TH06\PORTS\XBOX360\TH06XBOX360\RELEASE\ITEMMANAGER.OBJ
E:\PROYEK\C++\TH06-ANDROID\TH06\PORTS\XBOX360\TH06XBOX360\RELEASE\MAIN.OBJ
E:\PROYEK\C++\TH06-ANDROID\TH06\PORTS\XBOX360\TH06XBOX360\RELEASE\MAINMENU.OBJ
E:\PROYEK\C++\TH06-ANDROID\TH06\PORTS\XBOX360\TH06XBOX360\RELEASE\MUSICROOM.OBJ
E:\PROYEK\C++\TH06-ANDROID\TH06\PORTS\XBOX360\TH06XBOX360\RELEASE\PLAYER.OBJ
E:\PROYEK\C++\TH06-ANDROID\TH06\PORTS\XBOX360\TH06XBOX360\RELEASE\REPLAYMANAGER.OBJ
E:\PROYEK\C++\TH06-ANDROID\TH06\PORTS\XBOX360\TH06XBOX360\RELEASE\RESULTSCREEN.OBJ
E:\PROYEK\C++\TH06-ANDROID\TH06\PORTS\XBOX360\TH06XBOX360\RELEASE\RNG.OBJ
E:\PROYEK\C++\TH06-ANDROID\TH06\PORTS\XBOX360\TH06XBOX360\RELEASE\SCREENEFFECT.OBJ
E:\PROYEK\C++\TH06-ANDROID\TH06\PORTS\XBOX360\TH06XBOX360\RELEASE\SJIS_CONVERTER.OBJ
E:\PROYEK\C++\TH06-ANDROID\TH06\PORTS\XBOX360\TH06XBOX360\RELEASE\STAGE.OBJ
E:\PROYEK\C++\TH06-ANDROID\TH06\PORTS\XBOX360\TH06XBOX360\RELEASE\STDAFX.OBJ
E:\PROYEK\C++\TH06-ANDROID\TH06\PORTS\XBOX360\TH06XBOX360\RELEASE\SUPERVISOR.OBJ
E:\PROYEK\C++\TH06-ANDROID\TH06\PORTS\XBOX360\TH06XBOX360\RELEASE\TEXTHELPER.OBJ
E:\PROYEK\C++\TH06-ANDROID\TH06\PORTS\XBOX360\TH06XBOX360\RELEASE\TH06XBOX360.OBJ
E:\PROYEK\C++\TH06-ANDROID\TH06\PORTS\XBOX360\TH06XBOX360\RELEASE\TH06XBOX360.PCH
E:\proyek\c++\th06-android\th06\ports\xbox360\th06xbox360\Release\th06xbox360.write.1.tlog
E:\PROYEK\C++\TH06-ANDROID\TH06\PORTS\XBOX360\TH06XBOX360\RELEASE\UTILS.OBJ
E:\PROYEK\C++\TH06-ANDROID\TH06\PORTS\XBOX360\TH06XBOX360\RELEASE\VC100.PDB
E:\PROYEK\C++\TH06-ANDROID\TH06\PORTS\XBOX360\TH06XBOX360\RELEASE\ZUNMATH.OBJ
E:\PROYEK\C++\TH06-ANDROID\TH06\PORTS\XBOX360\TH06XBOX360\RELEASE\ZUNTIMER.OBJ
